DSP Block Details report for cycloneIII_3c25_niosII_video
Wed Aug 15 10:41:33 2012
Quartus II Version 11.0 Build 157 04/27/2011 SJ Web Edition


---------------------
; Table of Contents ;
---------------------
  1. Legal Notice
  2. DSP Block Details



----------------
; Legal Notice ;
----------------
Copyright (C) 1991-2011 Altera Corporation
Your use of Altera Corporation's design tools, logic functions 
and other software and tools, and its AMPP partner logic 
functions, and any output files from any of the foregoing 
(including device programming or simulation files), and any 
associated documentation or information are expressly subject 
to the terms and conditions of the Altera Program License 
Subscription Agreement, Altera MegaCore Function License 
Agreement, or other applicable license agreement, including, 
without limitation, that your use is for the sole purpose of 
programming logic devices manufactured by Altera and sold by 
Altera or its authorized distributors.  Please refer to the 
applicable agreement for further details.



+-------------------------------------------------------------------------------------------------------------------------------------------------------------------------------------------------------------------------------------------------------------------------------------------------------------------------------------------------------------------------------------------------------------------------------------------------------------------------------+
; DSP Block Details                                                                                                                                                                                                                                                                                                                                                                                                                                                             ;
+--------------------------------------------------------------------------------------------------------------------------------------------------------------------------------------------------------------------------------------------------------------------------------+----------------------------+--------------------+---------------------+--------------------------------+-----------------------+-----------------------+-------------------+-----------------+
; Name                                                                                                                                                                                                                                                                           ; Mode                       ; Location           ; Sign Representation ; Has Input Shift Register Chain ; Data A Input Register ; Data B Input Register ; Pipeline Register ; Output Register ;
+--------------------------------------------------------------------------------------------------------------------------------------------------------------------------------------------------------------------------------------------------------------------------------+----------------------------+--------------------+---------------------+--------------------------------+-----------------------+-----------------------+-------------------+-----------------+
; cycloneIII_3c25_niosII_video_sopc:cycloneIII_3c25_niosII_video_sopc_instance|cpu:the_cpu|cpu_mult_cell:the_cpu_mult_cell|altmult_add:the_altmult_add_part_2|mult_add_ffr2:auto_generated|ded_mult_br81:ded_mult1|mac_out3                                                      ; Simple Multiplier (18-bit) ; DSPOUT_X13_Y32_N2  ;                     ; No                             ;                       ;                       ;                   ; yes             ;
;    cycloneIII_3c25_niosII_video_sopc:cycloneIII_3c25_niosII_video_sopc_instance|cpu:the_cpu|cpu_mult_cell:the_cpu_mult_cell|altmult_add:the_altmult_add_part_2|mult_add_ffr2:auto_generated|ded_mult_br81:ded_mult1|mac_mult2                                                  ;                            ; DSPMULT_X13_Y32_N0 ; Unsigned            ;                                ; no                    ; no                    ; no                ;                 ;
; cycloneIII_3c25_niosII_video_sopc:cycloneIII_3c25_niosII_video_sopc_instance|cpu:the_cpu|cpu_mult_cell:the_cpu_mult_cell|altmult_add:the_altmult_add_part_1|mult_add_dfr2:auto_generated|ded_mult_br81:ded_mult1|mac_out3                                                      ; Simple Multiplier (18-bit) ; DSPOUT_X13_Y33_N2  ;                     ; No                             ;                       ;                       ;                   ; yes             ;
;    cycloneIII_3c25_niosII_video_sopc:cycloneIII_3c25_niosII_video_sopc_instance|cpu:the_cpu|cpu_mult_cell:the_cpu_mult_cell|altmult_add:the_altmult_add_part_1|mult_add_dfr2:auto_generated|ded_mult_br81:ded_mult1|mac_mult2                                                  ;                            ; DSPMULT_X13_Y33_N0 ; Unsigned            ;                                ; no                    ; no                    ; no                ;                 ;
; cycloneIII_3c25_niosII_video_sopc:cycloneIII_3c25_niosII_video_sopc_instance|raytrac_0:the_raytrac_0|raytrac:raytrac_0|ap_n_dpc:arithmetic_pipeline_and_datapath_controller|arithblock:ap|fmul32:mul_i_5|s1ac[0]                                                               ; Simple Multiplier (18-bit) ; DSPOUT_X42_Y5_N2   ;                     ; No                             ;                       ;                       ;                   ; yes             ;
;    cycloneIII_3c25_niosII_video_sopc:cycloneIII_3c25_niosII_video_sopc_instance|raytrac_0:the_raytrac_0|raytrac:raytrac_0|ap_n_dpc:arithmetic_pipeline_and_datapath_controller|arithblock:ap|fmul32:mul_i_5|lpm_mult:mult18x18ac|mult_ies:auto_generated|mac_mult1             ;                            ; DSPMULT_X42_Y5_N0  ; Unsigned            ;                                ; no                    ; no                    ; no                ;                 ;
; cycloneIII_3c25_niosII_video_sopc:cycloneIII_3c25_niosII_video_sopc_instance|raytrac_0:the_raytrac_0|raytrac:raytrac_0|ap_n_dpc:arithmetic_pipeline_and_datapath_controller|arithblock:ap|fmul32:mul_i_5|lpm_mult:mult18x6ad|mult_scs:auto_generated|result[0]                 ; Simple Multiplier (18-bit) ; DSPOUT_X42_Y6_N2   ;                     ; No                             ;                       ;                       ;                   ; yes             ;
;    cycloneIII_3c25_niosII_video_sopc:cycloneIII_3c25_niosII_video_sopc_instance|raytrac_0:the_raytrac_0|raytrac:raytrac_0|ap_n_dpc:arithmetic_pipeline_and_datapath_controller|arithblock:ap|fmul32:mul_i_5|lpm_mult:mult18x6ad|mult_scs:auto_generated|mac_mult1              ;                            ; DSPMULT_X42_Y6_N0  ; Unsigned            ;                                ; no                    ; no                    ; no                ;                 ;
; cycloneIII_3c25_niosII_video_sopc:cycloneIII_3c25_niosII_video_sopc_instance|raytrac_0:the_raytrac_0|raytrac:raytrac_0|ap_n_dpc:arithmetic_pipeline_and_datapath_controller|arithblock:ap|fmul32:mul_i_5|lpm_mult:mult18x6bc|mult_scs:auto_generated|result[0]                 ; Simple Multiplier (18-bit) ; DSPOUT_X42_Y4_N2   ;                     ; No                             ;                       ;                       ;                   ; yes             ;
;    cycloneIII_3c25_niosII_video_sopc:cycloneIII_3c25_niosII_video_sopc_instance|raytrac_0:the_raytrac_0|raytrac:raytrac_0|ap_n_dpc:arithmetic_pipeline_and_datapath_controller|arithblock:ap|fmul32:mul_i_5|lpm_mult:mult18x6bc|mult_scs:auto_generated|mac_mult1              ;                            ; DSPMULT_X42_Y4_N0  ; Unsigned            ;                                ; no                    ; no                    ; no                ;                 ;
; cycloneIII_3c25_niosII_video_sopc:cycloneIII_3c25_niosII_video_sopc_instance|raytrac_0:the_raytrac_0|raytrac:raytrac_0|ap_n_dpc:arithmetic_pipeline_and_datapath_controller|arithblock:ap|fmul32:mul_i_4|s1ac[0]                                                               ; Simple Multiplier (18-bit) ; DSPOUT_X13_Y9_N2   ;                     ; No                             ;                       ;                       ;                   ; yes             ;
;    cycloneIII_3c25_niosII_video_sopc:cycloneIII_3c25_niosII_video_sopc_instance|raytrac_0:the_raytrac_0|raytrac:raytrac_0|ap_n_dpc:arithmetic_pipeline_and_datapath_controller|arithblock:ap|fmul32:mul_i_4|lpm_mult:mult18x18ac|mult_ies:auto_generated|mac_mult1             ;                            ; DSPMULT_X13_Y9_N0  ; Unsigned            ;                                ; no                    ; no                    ; no                ;                 ;
; cycloneIII_3c25_niosII_video_sopc:cycloneIII_3c25_niosII_video_sopc_instance|raytrac_0:the_raytrac_0|raytrac:raytrac_0|ap_n_dpc:arithmetic_pipeline_and_datapath_controller|arithblock:ap|fmul32:mul_i_4|lpm_mult:mult18x6ad|mult_scs:auto_generated|result[0]                 ; Simple Multiplier (18-bit) ; DSPOUT_X13_Y8_N2   ;                     ; No                             ;                       ;                       ;                   ; yes             ;
;    cycloneIII_3c25_niosII_video_sopc:cycloneIII_3c25_niosII_video_sopc_instance|raytrac_0:the_raytrac_0|raytrac:raytrac_0|ap_n_dpc:arithmetic_pipeline_and_datapath_controller|arithblock:ap|fmul32:mul_i_4|lpm_mult:mult18x6ad|mult_scs:auto_generated|mac_mult1              ;                            ; DSPMULT_X13_Y8_N0  ; Unsigned            ;                                ; no                    ; yes                   ; no                ;                 ;
; cycloneIII_3c25_niosII_video_sopc:cycloneIII_3c25_niosII_video_sopc_instance|raytrac_0:the_raytrac_0|raytrac:raytrac_0|ap_n_dpc:arithmetic_pipeline_and_datapath_controller|arithblock:ap|fmul32:mul_i_4|lpm_mult:mult18x6bc|mult_scs:auto_generated|result[0]                 ; Simple Multiplier (18-bit) ; DSPOUT_X13_Y10_N2  ;                     ; No                             ;                       ;                       ;                   ; yes             ;
;    cycloneIII_3c25_niosII_video_sopc:cycloneIII_3c25_niosII_video_sopc_instance|raytrac_0:the_raytrac_0|raytrac:raytrac_0|ap_n_dpc:arithmetic_pipeline_and_datapath_controller|arithblock:ap|fmul32:mul_i_4|lpm_mult:mult18x6bc|mult_scs:auto_generated|mac_mult1              ;                            ; DSPMULT_X13_Y10_N0 ; Unsigned            ;                                ; no                    ; no                    ; no                ;                 ;
; cycloneIII_3c25_niosII_video_sopc:cycloneIII_3c25_niosII_video_sopc_instance|raytrac_0:the_raytrac_0|raytrac:raytrac_0|ap_n_dpc:arithmetic_pipeline_and_datapath_controller|arithblock:ap|fmul32:mul_i_3|s1ac[0]                                                               ; Simple Multiplier (18-bit) ; DSPOUT_X42_Y12_N2  ;                     ; No                             ;                       ;                       ;                   ; yes             ;
;    cycloneIII_3c25_niosII_video_sopc:cycloneIII_3c25_niosII_video_sopc_instance|raytrac_0:the_raytrac_0|raytrac:raytrac_0|ap_n_dpc:arithmetic_pipeline_and_datapath_controller|arithblock:ap|fmul32:mul_i_3|lpm_mult:mult18x18ac|mult_ies:auto_generated|mac_mult1             ;                            ; DSPMULT_X42_Y12_N0 ; Unsigned            ;                                ; no                    ; no                    ; no                ;                 ;
; cycloneIII_3c25_niosII_video_sopc:cycloneIII_3c25_niosII_video_sopc_instance|raytrac_0:the_raytrac_0|raytrac:raytrac_0|ap_n_dpc:arithmetic_pipeline_and_datapath_controller|arithblock:ap|fmul32:mul_i_3|lpm_mult:mult18x6ad|mult_scs:auto_generated|result[0]                 ; Simple Multiplier (18-bit) ; DSPOUT_X42_Y13_N2  ;                     ; No                             ;                       ;                       ;                   ; yes             ;
;    cycloneIII_3c25_niosII_video_sopc:cycloneIII_3c25_niosII_video_sopc_instance|raytrac_0:the_raytrac_0|raytrac:raytrac_0|ap_n_dpc:arithmetic_pipeline_and_datapath_controller|arithblock:ap|fmul32:mul_i_3|lpm_mult:mult18x6ad|mult_scs:auto_generated|mac_mult1              ;                            ; DSPMULT_X42_Y13_N0 ; Unsigned            ;                                ; no                    ; no                    ; no                ;                 ;
; cycloneIII_3c25_niosII_video_sopc:cycloneIII_3c25_niosII_video_sopc_instance|raytrac_0:the_raytrac_0|raytrac:raytrac_0|ap_n_dpc:arithmetic_pipeline_and_datapath_controller|arithblock:ap|fmul32:mul_i_3|lpm_mult:mult18x6bc|mult_scs:auto_generated|result[0]                 ; Simple Multiplier (18-bit) ; DSPOUT_X42_Y11_N2  ;                     ; No                             ;                       ;                       ;                   ; yes             ;
;    cycloneIII_3c25_niosII_video_sopc:cycloneIII_3c25_niosII_video_sopc_instance|raytrac_0:the_raytrac_0|raytrac:raytrac_0|ap_n_dpc:arithmetic_pipeline_and_datapath_controller|arithblock:ap|fmul32:mul_i_3|lpm_mult:mult18x6bc|mult_scs:auto_generated|mac_mult1              ;                            ; DSPMULT_X42_Y11_N0 ; Unsigned            ;                                ; no                    ; yes                   ; no                ;                 ;
; cycloneIII_3c25_niosII_video_sopc:cycloneIII_3c25_niosII_video_sopc_instance|raytrac_0:the_raytrac_0|raytrac:raytrac_0|ap_n_dpc:arithmetic_pipeline_and_datapath_controller|arithblock:ap|fadd32:adder_i_2|lpm_mult:denormhighshiftermult|mult_2ds:auto_generated|result[0]    ; Simple Multiplier (18-bit) ; DSPOUT_X13_Y4_N2   ;                     ; No                             ;                       ;                       ;                   ; no              ;
;    cycloneIII_3c25_niosII_video_sopc:cycloneIII_3c25_niosII_video_sopc_instance|raytrac_0:the_raytrac_0|raytrac:raytrac_0|ap_n_dpc:arithmetic_pipeline_and_datapath_controller|arithblock:ap|fadd32:adder_i_2|lpm_mult:denormhighshiftermult|mult_2ds:auto_generated|mac_mult1 ;                            ; DSPMULT_X13_Y4_N0  ; Unsigned            ;                                ; yes                   ; no                    ; no                ;                 ;
; cycloneIII_3c25_niosII_video_sopc:cycloneIII_3c25_niosII_video_sopc_instance|raytrac_0:the_raytrac_0|raytrac:raytrac_0|ap_n_dpc:arithmetic_pipeline_and_datapath_controller|arithblock:ap|fadd32:adder_i_2|lpm_mult:denormlowshiftermult|mult_ibs:auto_generated|result[0]     ; Simple Multiplier (9-bit)  ; DSPOUT_X13_Y3_N2   ;                     ; No                             ;                       ;                       ;                   ; no              ;
;    cycloneIII_3c25_niosII_video_sopc:cycloneIII_3c25_niosII_video_sopc_instance|raytrac_0:the_raytrac_0|raytrac:raytrac_0|ap_n_dpc:arithmetic_pipeline_and_datapath_controller|arithblock:ap|fadd32:adder_i_2|lpm_mult:denormlowshiftermult|mult_ibs:auto_generated|mac_mult1  ;                            ; DSPMULT_X13_Y3_N0  ; Unsigned            ;                                ; no                    ; yes                   ; no                ;                 ;
; cycloneIII_3c25_niosII_video_sopc:cycloneIII_3c25_niosII_video_sopc_instance|raytrac_0:the_raytrac_0|raytrac:raytrac_0|ap_n_dpc:arithmetic_pipeline_and_datapath_controller|arithblock:ap|fadd32:adder_i_1|lpm_mult:denormhighshiftermult|mult_2ds:auto_generated|result[0]    ; Simple Multiplier (18-bit) ; DSPOUT_X42_Y2_N2   ;                     ; No                             ;                       ;                       ;                   ; no              ;
;    cycloneIII_3c25_niosII_video_sopc:cycloneIII_3c25_niosII_video_sopc_instance|raytrac_0:the_raytrac_0|raytrac:raytrac_0|ap_n_dpc:arithmetic_pipeline_and_datapath_controller|arithblock:ap|fadd32:adder_i_1|lpm_mult:denormhighshiftermult|mult_2ds:auto_generated|mac_mult1 ;                            ; DSPMULT_X42_Y2_N0  ; Unsigned            ;                                ; yes                   ; no                    ; no                ;                 ;
; cycloneIII_3c25_niosII_video_sopc:cycloneIII_3c25_niosII_video_sopc_instance|raytrac_0:the_raytrac_0|raytrac:raytrac_0|ap_n_dpc:arithmetic_pipeline_and_datapath_controller|arithblock:ap|fadd32:adder_i_1|lpm_mult:denormlowshiftermult|mult_ibs:auto_generated|result[0]     ; Simple Multiplier (9-bit)  ; DSPOUT_X42_Y1_N2   ;                     ; No                             ;                       ;                       ;                   ; no              ;
;    cycloneIII_3c25_niosII_video_sopc:cycloneIII_3c25_niosII_video_sopc_instance|raytrac_0:the_raytrac_0|raytrac:raytrac_0|ap_n_dpc:arithmetic_pipeline_and_datapath_controller|arithblock:ap|fadd32:adder_i_1|lpm_mult:denormlowshiftermult|mult_ibs:auto_generated|mac_mult1  ;                            ; DSPMULT_X42_Y1_N0  ; Unsigned            ;                                ; no                    ; yes                   ; no                ;                 ;
; cycloneIII_3c25_niosII_video_sopc:cycloneIII_3c25_niosII_video_sopc_instance|raytrac_0:the_raytrac_0|raytrac:raytrac_0|ap_n_dpc:arithmetic_pipeline_and_datapath_controller|arithblock:ap|fadd32:adder_i_0|lpm_mult:denormhighshiftermult|mult_2ds:auto_generated|result[0]    ; Simple Multiplier (18-bit) ; DSPOUT_X42_Y7_N2   ;                     ; No                             ;                       ;                       ;                   ; no              ;
;    cycloneIII_3c25_niosII_video_sopc:cycloneIII_3c25_niosII_video_sopc_instance|raytrac_0:the_raytrac_0|raytrac:raytrac_0|ap_n_dpc:arithmetic_pipeline_and_datapath_controller|arithblock:ap|fadd32:adder_i_0|lpm_mult:denormhighshiftermult|mult_2ds:auto_generated|mac_mult1 ;                            ; DSPMULT_X42_Y7_N0  ; Unsigned            ;                                ; yes                   ; no                    ; no                ;                 ;
; cycloneIII_3c25_niosII_video_sopc:cycloneIII_3c25_niosII_video_sopc_instance|raytrac_0:the_raytrac_0|raytrac:raytrac_0|ap_n_dpc:arithmetic_pipeline_and_datapath_controller|arithblock:ap|fadd32:adder_i_0|lpm_mult:denormlowshiftermult|mult_ibs:auto_generated|result[0]     ; Simple Multiplier (9-bit)  ; DSPOUT_X42_Y3_N2   ;                     ; No                             ;                       ;                       ;                   ; no              ;
;    cycloneIII_3c25_niosII_video_sopc:cycloneIII_3c25_niosII_video_sopc_instance|raytrac_0:the_raytrac_0|raytrac:raytrac_0|ap_n_dpc:arithmetic_pipeline_and_datapath_controller|arithblock:ap|fadd32:adder_i_0|lpm_mult:denormlowshiftermult|mult_ibs:auto_generated|mac_mult1  ;                            ; DSPMULT_X42_Y3_N0  ; Unsigned            ;                                ; no                    ; yes                   ; no                ;                 ;
; cycloneIII_3c25_niosII_video_sopc:cycloneIII_3c25_niosII_video_sopc_instance|raytrac_0:the_raytrac_0|raytrac:raytrac_0|ap_n_dpc:arithmetic_pipeline_and_datapath_controller|arithblock:ap|fmul32:mul_i_2|s1ac[0]                                                               ; Simple Multiplier (18-bit) ; DSPOUT_X42_Y8_N2   ;                     ; No                             ;                       ;                       ;                   ; yes             ;
;    cycloneIII_3c25_niosII_video_sopc:cycloneIII_3c25_niosII_video_sopc_instance|raytrac_0:the_raytrac_0|raytrac:raytrac_0|ap_n_dpc:arithmetic_pipeline_and_datapath_controller|arithblock:ap|fmul32:mul_i_2|lpm_mult:mult18x18ac|mult_ies:auto_generated|mac_mult1             ;                            ; DSPMULT_X42_Y8_N0  ; Unsigned            ;                                ; no                    ; no                    ; no                ;                 ;
; cycloneIII_3c25_niosII_video_sopc:cycloneIII_3c25_niosII_video_sopc_instance|raytrac_0:the_raytrac_0|raytrac:raytrac_0|ap_n_dpc:arithmetic_pipeline_and_datapath_controller|arithblock:ap|fmul32:mul_i_2|lpm_mult:mult18x6ad|mult_scs:auto_generated|result[0]                 ; Simple Multiplier (18-bit) ; DSPOUT_X42_Y9_N2   ;                     ; No                             ;                       ;                       ;                   ; yes             ;
;    cycloneIII_3c25_niosII_video_sopc:cycloneIII_3c25_niosII_video_sopc_instance|raytrac_0:the_raytrac_0|raytrac:raytrac_0|ap_n_dpc:arithmetic_pipeline_and_datapath_controller|arithblock:ap|fmul32:mul_i_2|lpm_mult:mult18x6ad|mult_scs:auto_generated|mac_mult1              ;                            ; DSPMULT_X42_Y9_N0  ; Unsigned            ;                                ; no                    ; yes                   ; no                ;                 ;
; cycloneIII_3c25_niosII_video_sopc:cycloneIII_3c25_niosII_video_sopc_instance|raytrac_0:the_raytrac_0|raytrac:raytrac_0|ap_n_dpc:arithmetic_pipeline_and_datapath_controller|arithblock:ap|fmul32:mul_i_2|lpm_mult:mult18x6bc|mult_scs:auto_generated|result[0]                 ; Simple Multiplier (18-bit) ; DSPOUT_X42_Y10_N2  ;                     ; No                             ;                       ;                       ;                   ; yes             ;
;    cycloneIII_3c25_niosII_video_sopc:cycloneIII_3c25_niosII_video_sopc_instance|raytrac_0:the_raytrac_0|raytrac:raytrac_0|ap_n_dpc:arithmetic_pipeline_and_datapath_controller|arithblock:ap|fmul32:mul_i_2|lpm_mult:mult18x6bc|mult_scs:auto_generated|mac_mult1              ;                            ; DSPMULT_X42_Y10_N0 ; Unsigned            ;                                ; no                    ; yes                   ; no                ;                 ;
; cycloneIII_3c25_niosII_video_sopc:cycloneIII_3c25_niosII_video_sopc_instance|raytrac_0:the_raytrac_0|raytrac:raytrac_0|ap_n_dpc:arithmetic_pipeline_and_datapath_controller|arithblock:ap|fmul32:mul_i_1|s1ac[0]                                                               ; Simple Multiplier (18-bit) ; DSPOUT_X13_Y6_N2   ;                     ; No                             ;                       ;                       ;                   ; yes             ;
;    cycloneIII_3c25_niosII_video_sopc:cycloneIII_3c25_niosII_video_sopc_instance|raytrac_0:the_raytrac_0|raytrac:raytrac_0|ap_n_dpc:arithmetic_pipeline_and_datapath_controller|arithblock:ap|fmul32:mul_i_1|lpm_mult:mult18x18ac|mult_ies:auto_generated|mac_mult1             ;                            ; DSPMULT_X13_Y6_N0  ; Unsigned            ;                                ; no                    ; no                    ; no                ;                 ;
; cycloneIII_3c25_niosII_video_sopc:cycloneIII_3c25_niosII_video_sopc_instance|raytrac_0:the_raytrac_0|raytrac:raytrac_0|ap_n_dpc:arithmetic_pipeline_and_datapath_controller|arithblock:ap|fmul32:mul_i_1|lpm_mult:mult18x6ad|mult_scs:auto_generated|result[0]                 ; Simple Multiplier (18-bit) ; DSPOUT_X13_Y5_N2   ;                     ; No                             ;                       ;                       ;                   ; yes             ;
;    cycloneIII_3c25_niosII_video_sopc:cycloneIII_3c25_niosII_video_sopc_instance|raytrac_0:the_raytrac_0|raytrac:raytrac_0|ap_n_dpc:arithmetic_pipeline_and_datapath_controller|arithblock:ap|fmul32:mul_i_1|lpm_mult:mult18x6ad|mult_scs:auto_generated|mac_mult1              ;                            ; DSPMULT_X13_Y5_N0  ; Unsigned            ;                                ; no                    ; yes                   ; no                ;                 ;
; cycloneIII_3c25_niosII_video_sopc:cycloneIII_3c25_niosII_video_sopc_instance|raytrac_0:the_raytrac_0|raytrac:raytrac_0|ap_n_dpc:arithmetic_pipeline_and_datapath_controller|arithblock:ap|fmul32:mul_i_1|lpm_mult:mult18x6bc|mult_scs:auto_generated|result[0]                 ; Simple Multiplier (18-bit) ; DSPOUT_X13_Y7_N2   ;                     ; No                             ;                       ;                       ;                   ; yes             ;
;    cycloneIII_3c25_niosII_video_sopc:cycloneIII_3c25_niosII_video_sopc_instance|raytrac_0:the_raytrac_0|raytrac:raytrac_0|ap_n_dpc:arithmetic_pipeline_and_datapath_controller|arithblock:ap|fmul32:mul_i_1|lpm_mult:mult18x6bc|mult_scs:auto_generated|mac_mult1              ;                            ; DSPMULT_X13_Y7_N0  ; Unsigned            ;                                ; no                    ; yes                   ; no                ;                 ;
; cycloneIII_3c25_niosII_video_sopc:cycloneIII_3c25_niosII_video_sopc_instance|raytrac_0:the_raytrac_0|raytrac:raytrac_0|ap_n_dpc:arithmetic_pipeline_and_datapath_controller|arithblock:ap|fmul32:mul_i_0|s1ac[0]                                                               ; Simple Multiplier (18-bit) ; DSPOUT_X13_Y12_N2  ;                     ; No                             ;                       ;                       ;                   ; yes             ;
;    cycloneIII_3c25_niosII_video_sopc:cycloneIII_3c25_niosII_video_sopc_instance|raytrac_0:the_raytrac_0|raytrac:raytrac_0|ap_n_dpc:arithmetic_pipeline_and_datapath_controller|arithblock:ap|fmul32:mul_i_0|lpm_mult:mult18x18ac|mult_ies:auto_generated|mac_mult1             ;                            ; DSPMULT_X13_Y12_N0 ; Unsigned            ;                                ; no                    ; no                    ; no                ;                 ;
; cycloneIII_3c25_niosII_video_sopc:cycloneIII_3c25_niosII_video_sopc_instance|raytrac_0:the_raytrac_0|raytrac:raytrac_0|ap_n_dpc:arithmetic_pipeline_and_datapath_controller|arithblock:ap|fmul32:mul_i_0|lpm_mult:mult18x6ad|mult_scs:auto_generated|result[0]                 ; Simple Multiplier (18-bit) ; DSPOUT_X13_Y13_N2  ;                     ; No                             ;                       ;                       ;                   ; yes             ;
;    cycloneIII_3c25_niosII_video_sopc:cycloneIII_3c25_niosII_video_sopc_instance|raytrac_0:the_raytrac_0|raytrac:raytrac_0|ap_n_dpc:arithmetic_pipeline_and_datapath_controller|arithblock:ap|fmul32:mul_i_0|lpm_mult:mult18x6ad|mult_scs:auto_generated|mac_mult1              ;                            ; DSPMULT_X13_Y13_N0 ; Unsigned            ;                                ; no                    ; yes                   ; no                ;                 ;
; cycloneIII_3c25_niosII_video_sopc:cycloneIII_3c25_niosII_video_sopc_instance|raytrac_0:the_raytrac_0|raytrac:raytrac_0|ap_n_dpc:arithmetic_pipeline_and_datapath_controller|arithblock:ap|fmul32:mul_i_0|lpm_mult:mult18x6bc|mult_scs:auto_generated|result[0]                 ; Simple Multiplier (18-bit) ; DSPOUT_X13_Y11_N2  ;                     ; No                             ;                       ;                       ;                   ; yes             ;
;    cycloneIII_3c25_niosII_video_sopc:cycloneIII_3c25_niosII_video_sopc_instance|raytrac_0:the_raytrac_0|raytrac:raytrac_0|ap_n_dpc:arithmetic_pipeline_and_datapath_controller|arithblock:ap|fmul32:mul_i_0|lpm_mult:mult18x6bc|mult_scs:auto_generated|mac_mult1              ;                            ; DSPMULT_X13_Y11_N0 ; Unsigned            ;                                ; no                    ; yes                   ; no                ;                 ;
+--------------------------------------------------------------------------------------------------------------------------------------------------------------------------------------------------------------------------------------------------------------------------------+----------------------------+--------------------+---------------------+--------------------------------+-----------------------+-----------------------+-------------------+-----------------+


